# Find a path with Dijkstra's algorithm when
# the path found by BFS is different.

created graph simpleGraph

added node A to simpleGraph

added edge 0.000 from A to A in simpleGraph

path from A to A:
total cost: 0.000

simpleGraph contains: A