# Create a graph
created graph graph1

# Add nodes
added node n1 to graph1
graph1 contains: n1
added node n2 to graph1
graph1 contains: n1 n2

# Print the nodes in the graph and their outgoing edges
graph1 contains: n1 n2